// Vitest Snapshot v1, https://vitest.dev/guide/snapshot.html

exports[`Parser should create plan 1`] = `
[
  NodeObject {
    "asteriskToken": undefined,
    "body": NodeObject {
      "emitNode": undefined,
      "end": 28,
      "flags": 0,
      "id": 0,
      "jsDoc": undefined,
      "kind": 242,
      "locals": undefined,
      "modifierFlagsCache": 0,
      "multiLine": false,
      "nextContainer": undefined,
      "original": undefined,
      "parent": [Circular],
      "pos": 25,
      "statements": [],
      "transformFlags": 0,
    },
    "emitNode": undefined,
    "end": 28,
    "endFlowNode": undefined,
    "exclamationToken": undefined,
    "flags": 0,
    "flowNode": undefined,
    "id": 0,
    "jsDoc": undefined,
    "kind": 175,
    "localSymbol": undefined,
    "locals": undefined,
    "modifierFlagsCache": 0,
    "modifiers": undefined,
    "name": IdentifierObject {
      "emitNode": undefined,
      "end": 23,
      "escapedText": "init",
      "flags": 0,
      "flowNode": undefined,
      "id": 0,
      "jsDoc": undefined,
      "kind": 80,
      "parent": [Circular],
      "pos": 16,
      "symbol": undefined,
      "transformFlags": 0,
    },
    "nextContainer": undefined,
    "original": undefined,
    "parameters": [],
    "parent": NodeObject {
      "emitNode": undefined,
      "end": 51,
      "flags": 0,
      "heritageClauses": undefined,
      "id": 0,
      "jsDoc": undefined,
      "kind": 264,
      "localSymbol": undefined,
      "members": [
        [Circular],
        NodeObject {
          "asteriskToken": undefined,
          "body": NodeObject {
            "emitNode": undefined,
            "end": 49,
            "flags": 65536,
            "id": 0,
            "jsDoc": undefined,
            "kind": 242,
            "locals": undefined,
            "modifierFlagsCache": 0,
            "multiLine": false,
            "nextContainer": undefined,
            "original": undefined,
            "parent": [Circular],
            "pos": 46,
            "statements": [],
            "transformFlags": 0,
          },
          "emitNode": undefined,
          "end": 49,
          "endFlowNode": undefined,
          "exclamationToken": undefined,
          "flags": 0,
          "flowNode": undefined,
          "id": 0,
          "jsDoc": undefined,
          "kind": 175,
          "localSymbol": undefined,
          "locals": undefined,
          "modifierFlagsCache": 0,
          "modifiers": [
            TokenObject {
              "emitNode": undefined,
              "end": 36,
              "flags": 0,
              "id": 0,
              "kind": 134,
              "parent": [Circular],
              "pos": 28,
              "transformFlags": 384,
            },
          ],
          "name": IdentifierObject {
            "emitNode": undefined,
            "end": 44,
            "escapedText": "destroy",
            "flags": 0,
            "flowNode": undefined,
            "id": 0,
            "jsDoc": undefined,
            "kind": 80,
            "parent": [Circular],
            "pos": 36,
            "symbol": undefined,
            "transformFlags": 0,
          },
          "nextContainer": undefined,
          "original": undefined,
          "parameters": [],
          "parent": [Circular],
          "pos": 28,
          "questionToken": undefined,
          "returnFlowNode": undefined,
          "symbol": undefined,
          "transformFlags": 1408,
          "type": undefined,
          "typeArguments": undefined,
          "typeParameters": undefined,
        },
      ],
      "modifierFlagsCache": 0,
      "modifiers": undefined,
      "name": IdentifierObject {
        "emitNode": undefined,
        "end": 14,
        "escapedText": "MyClass",
        "flags": 0,
        "flowNode": undefined,
        "id": 0,
        "jsDoc": undefined,
        "kind": 80,
        "parent": [Circular],
        "pos": 6,
        "symbol": undefined,
        "transformFlags": 0,
      },
      "original": undefined,
      "parent": SourceFileObject {
        "ambientModuleNames": undefined,
        "amdDependencies": [],
        "bindDiagnostics": [],
        "bindSuggestionDiagnostics": undefined,
        "checkJsDirective": undefined,
        "classifiableNames": undefined,
        "commentDirectives": undefined,
        "emitNode": undefined,
        "end": 52,
        "endFlowNode": undefined,
        "endOfFileToken": TokenObject {
          "emitNode": undefined,
          "end": 52,
          "flags": 0,
          "id": 0,
          "kind": 1,
          "parent": [Circular],
          "pos": 51,
          "transformFlags": 0,
        },
        "externalModuleIndicator": undefined,
        "fileName": "temp.ts",
        "flags": 0,
        "hasNoDefaultLib": false,
        "id": 0,
        "identifierCount": 3,
        "identifiers": Map {
          "MyClass" => "MyClass",
          "init" => "init",
          "destroy" => "destroy",
        },
        "impliedNodeFormat": undefined,
        "imports": undefined,
        "isDeclarationFile": false,
        "jsDocParsingMode": 0,
        "kind": 308,
        "languageVariant": 0,
        "languageVersion": 99,
        "libReferenceDirectives": [],
        "lineMap": undefined,
        "locals": undefined,
        "modifierFlagsCache": 0,
        "moduleAugmentations": undefined,
        "nextContainer": undefined,
        "nodeCount": 11,
        "original": undefined,
        "originalFileName": "",
        "packageJsonLocations": undefined,
        "packageJsonScope": undefined,
        "parent": undefined,
        "parseDiagnostics": [],
        "path": "",
        "pos": 0,
        "pragmas": Map {},
        "referencedFiles": [],
        "resolvedPath": "",
        "scriptKind": 3,
        "setExternalModuleIndicator": [Function],
        "statements": [
          [Circular],
        ],
        "symbolCount": 0,
        "text": "
class MyClass {
  init() {}
  async destroy() {}
}
",
        "transformFlags": 1408,
        "typeReferenceDirectives": [],
      },
      "pos": 0,
      "symbol": undefined,
      "transformFlags": 1408,
      "typeParameters": undefined,
    },
    "pos": 16,
    "questionToken": undefined,
    "returnFlowNode": undefined,
    "symbol": undefined,
    "transformFlags": 1024,
    "type": undefined,
    "typeArguments": undefined,
    "typeParameters": undefined,
  },
]
`;
